// Jest Snapshot v1, https://goo.gl/fbAQLP

exports[`should render 404 Error Page 1`] = `
<div>
  <p>
    404 Error
  </p>
  <Link
    replace={false}
    to="/"
  >
    Go home
  </Link>
</div>
`;
